#
# There is insufficient memory for the Java Runtime Environment to continue.
# Native memory allocation (malloc) failed to allocate 32744 bytes for ChunkPool::allocate
# Possible reasons:
#   The system is out of physical RAM or swap space
#   The process is running with CompressedOops enabled, and the Java Heap may be blocking the growth of the native heap
# Possible solutions:
#   Reduce memory load on the system
#   Increase physical memory or swap space
#   Check if swap backing store is full
#   Decrease Java heap size (-Xmx/-Xms)
#   Decrease number of Java threads
#   Decrease Java thread stack sizes (-Xss)
#   Set larger code cache with -XX:ReservedCodeCacheSize=
#   JVM is running with Zero Based Compressed Oops mode in which the Java heap is
#     placed in the first 32GB address space. The Java Heap base address is the
#     maximum limit for the native heap growth. Please use -XX:HeapBaseMinAddress
#     to set the Java Heap base and to place the Java Heap above 32GB virtual address.
# This output file may be truncated or incomplete.
#
#  Out of Memory Error (allocation.cpp:272), pid=54664, tid=0x00000000000124ec
#
# JRE version: Java(TM) SE Runtime Environment (8.0_291-b10) (build 1.8.0_291-b10)
# Java VM: Java HotSpot(TM) 64-Bit Server VM (25.291-b10 mixed mode windows-amd64 compressed oops)
# Failed to write core dump. Minidumps are not enabled by default on client versions of Windows
#

---------------  T H R E A D  ---------------

Current thread (0x00000289d9f4c800):  JavaThread "C2 CompilerThread2" daemon [_thread_in_native, id=74988, stack(0x000000bc20f00000,0x000000bc21000000)]

Stack: [0x000000bc20f00000,0x000000bc21000000]
Native frames: (J=compiled Java code, j=interpreted, Vv=VM code, C=native code)
V  [jvm.dll+0x32ea19]


Current CompileTask:
C2:   2414   21       4       java.lang.String::length (6 bytes)


---------------  P R O C E S S  ---------------

Java Threads: ( => current thread )
  0x00000289d9f46800 JavaThread "Service Thread" daemon [_thread_blocked, id=58872, stack(0x000000bc21100000,0x000000bc21200000)]
  0x00000289d9f50800 JavaThread "C1 CompilerThread3" daemon [_thread_in_native, id=65772, stack(0x000000bc21000000,0x000000bc21100000)]
=>0x00000289d9f4c800 JavaThread "C2 CompilerThread2" daemon [_thread_in_native, id=74988, stack(0x000000bc20f00000,0x000000bc21000000)]
  0x00000289d9f4c000 JavaThread "C2 CompilerThread1" daemon [_thread_in_native, id=36660, stack(0x000000bc20e00000,0x000000bc20f00000)]
  0x00000289d9f2f800 JavaThread "C2 CompilerThread0" daemon [_thread_in_native, id=33204, stack(0x000000bc20d00000,0x000000bc20e00000)]
  0x00000289d7707000 JavaThread "Attach Listener" daemon [_thread_blocked, id=23716, stack(0x000000bc20c00000,0x000000bc20d00000)]
  0x00000289d9e26800 JavaThread "Signal Dispatcher" daemon [_thread_blocked, id=92068, stack(0x000000bc20b00000,0x000000bc20c00000)]
  0x00000289d76d5800 JavaThread "Finalizer" daemon [_thread_blocked, id=3784, stack(0x000000bc20a00000,0x000000bc20b00000)]
  0x00000289d76ca000 JavaThread "Reference Handler" daemon [_thread_blocked, id=51580, stack(0x000000bc20900000,0x000000bc20a00000)]
  0x00000289b36b1800 JavaThread "main" [_thread_in_native, id=95784, stack(0x000000bc1fc00000,0x000000bc1fd00000)]

Other Threads:
  0x00000289d76a1800 VMThread [stack: 0x000000bc20800000,0x000000bc20900000] [id=29636]
  0x00000289d9f37800 WatcherThread [stack: 0x000000bc21200000,0x000000bc21300000] [id=24600]

VM state:not at safepoint (normal execution)

VM Mutex/Monitor currently owned by a thread: None

heap address: 0x00000005c8000000, size: 8064 MB, Compressed Oops mode: Zero based, Oop shift amount: 3
Narrow klass base: 0x0000000000000000, Narrow klass shift: 3
Compressed class space size: 1073741824 Address: 0x00000007c0000000

Heap:
 PSYoungGen      total 150528K, used 5207K [0x0000000718000000, 0x0000000722800000, 0x00000007c0000000)
  eden space 129024K, 4% used [0x0000000718000000,0x0000000718515d08,0x000000071fe00000)
  from space 21504K, 0% used [0x0000000721300000,0x0000000721300000,0x0000000722800000)
  to   space 21504K, 0% used [0x000000071fe00000,0x000000071fe00000,0x0000000721300000)
 ParOldGen       total 344064K, used 0K [0x00000005c8000000, 0x00000005dd000000, 0x0000000718000000)
  object space 344064K, 0% used [0x00000005c8000000,0x00000005c8000000,0x00000005dd000000)
 Metaspace       used 3716K, capacity 4856K, committed 5120K, reserved 1056768K
  class space    used 412K, capacity 424K, committed 512K, reserved 1048576K

Card table byte_map: [0x00000289c4560000,0x00000289c5530000] byte_map_base: 0x00000289c1720000

Marking Bits: (ParMarkBitMap*) 0x000000005ab67fe0
 Begin Bits: [0x00000289c5fb0000, 0x00000289cddb0000)
 End Bits:   [0x00000289cddb0000, 0x00000289d5bb0000)

Polling page: 0x00000289b3970000

CodeCache: size=245760Kb used=1122Kb max_used=1134Kb free=244637Kb
 bounds [0x00000289b51a0000, 0x00000289b5410000, 0x00000289c41a0000]
 total_blobs=298 nmethods=21 adapters=191
 compilation: enabled

Compilation events (10 events):
Event: 2.397 Thread 0x00000289d9f50800   11       3       sun.nio.cs.ext.DoubleByte$Encoder::encodeChar (21 bytes)
Event: 2.397 Thread 0x00000289d9f50800 nmethod 11 0x00000289b52b7950 code [0x00000289b52b7ac0, 0x00000289b52b7c78]
Event: 2.397 Thread 0x00000289d9f50800   13       3       java.util.jar.Attributes$Name::isValid (32 bytes)
Event: 2.398 Thread 0x00000289d9f50800 nmethod 13 0x00000289b52b7290 code [0x00000289b52b7400, 0x00000289b52b7898]
Event: 2.398 Thread 0x00000289d9f50800   14       3       java.util.jar.Attributes$Name::isAlpha (30 bytes)
Event: 2.398 Thread 0x00000289d9f50800 nmethod 14 0x00000289b52b6e90 code [0x00000289b52b6fe0, 0x00000289b52b7218]
Event: 2.398 Thread 0x00000289d9f50800   15       3       java.lang.String::replace (127 bytes)
Event: 2.398 Thread 0x00000289d9f4c000   16       4       java.lang.String::startsWith (72 bytes)
Event: 2.398 Thread 0x00000289d9f2f800   17 %     4       sun.nio.cs.UTF_8$Encoder::encode @ 20 (359 bytes)
Event: 2.398 Thread 0x00000289d9f4c800   21       4       java.lang.String::length (6 bytes)

GC Heap History (0 events):
No events

Deoptimization events (0 events):
No events

Classes redefined (0 events):
No events

Internal exceptions (2 events):
Event: 0.242 Thread 0x00000289b36b1800 Exception <a 'java/lang/NoSuchMethodError': Method sun.misc.Unsafe.defineClass(Ljava/lang/String;[BII)Ljava/lang/Class; name or signature does not match> (0x0000000718007cc0) thrown at [C:\jenkins\workspace\8-2-build-windows-amd64-cygwin\jdk8u291\1294\hot
Event: 0.242 Thread 0x00000289b36b1800 Exception <a 'java/lang/NoSuchMethodError': Method sun.misc.Unsafe.prefetchRead(Ljava/lang/Object;J)V name or signature does not match> (0x0000000718007fa8) thrown at [C:\jenkins\workspace\8-2-build-windows-amd64-cygwin\jdk8u291\1294\hotspot\src\share\vm\

Events (10 events):
Event: 2.353 loading class sun/usagetracker/UsageTrackerClient$4
Event: 2.353 loading class sun/usagetracker/UsageTrackerClient$4 done
Event: 2.353 loading class sun/usagetracker/UsageTrackerClient$2
Event: 2.353 loading class sun/usagetracker/UsageTrackerClient$2 done
Event: 2.353 loading class sun/usagetracker/UsageTrackerClient$3
Event: 2.353 loading class sun/usagetracker/UsageTrackerClient$3 done
Event: 2.393 loading class sun/launcher/LauncherHelper
Event: 2.394 loading class sun/launcher/LauncherHelper done
Event: 2.398 loading class org/apache/maven/surefire/booter/ForkedBooter
Event: 2.398 loading class org/apache/maven/surefire/booter/ForkedBooter done


Dynamic libraries:
0x00007ff6387c0000 - 0x00007ff638807000 	D:\app\Java\jdk1.8\jre\bin\java.exe
0x00007ffa785b0000 - 0x00007ffa787a8000 	C:\Windows\SYSTEM32\ntdll.dll
0x00007ffa784a0000 - 0x00007ffa78562000 	C:\Windows\System32\KERNEL32.DLL
0x00007ffa76200000 - 0x00007ffa764f6000 	C:\Windows\System32\KERNELBASE.dll
0x00007ffa783e0000 - 0x00007ffa78491000 	C:\Windows\System32\ADVAPI32.dll
0x00007ffa76fb0000 - 0x00007ffa7704e000 	C:\Windows\System32\msvcrt.dll
0x00007ffa77280000 - 0x00007ffa7731f000 	C:\Windows\System32\sechost.dll
0x00007ffa77160000 - 0x00007ffa77280000 	C:\Windows\System32\RPCRT4.dll
0x00007ffa75d20000 - 0x00007ffa75d47000 	C:\Windows\System32\bcrypt.dll
0x00007ffa77320000 - 0x00007ffa774c1000 	C:\Windows\System32\USER32.dll
0x00007ffa765a0000 - 0x00007ffa765c2000 	C:\Windows\System32\win32u.dll
0x00007ffa77c30000 - 0x00007ffa77c5b000 	C:\Windows\System32\GDI32.dll
0x00007ffa75d50000 - 0x00007ffa75e69000 	C:\Windows\System32\gdi32full.dll
0x00007ffa76500000 - 0x00007ffa7659d000 	C:\Windows\System32\msvcp_win.dll
0x00007ffa75e70000 - 0x00007ffa75f70000 	C:\Windows\System32\ucrtbase.dll
0x00007ffa5e240000 - 0x00007ffa5e4db000 	C:\Windows\WinSxS\amd64_microsoft.windows.common-controls_6595b64144ccf1df_6.0.19041.6456_none_60b8a6cb71f64256\COMCTL32.dll
0x00007ffa77c00000 - 0x00007ffa77c2f000 	C:\Windows\System32\IMM32.DLL
0x00007ffa3a910000 - 0x00007ffa3a925000 	D:\app\Java\jdk1.8\jre\bin\vcruntime140.dll
0x00007ffa331a0000 - 0x00007ffa3323b000 	D:\app\Java\jdk1.8\jre\bin\msvcp140.dll
0x000000005a380000 - 0x000000005abe0000 	D:\app\Java\jdk1.8\jre\bin\server\jvm.dll
0x00007ffa76960000 - 0x00007ffa76968000 	C:\Windows\System32\PSAPI.DLL
0x00007ffa71760000 - 0x00007ffa71769000 	C:\Windows\SYSTEM32\WSOCK32.dll
0x00007ffa76f40000 - 0x00007ffa76fab000 	C:\Windows\System32\WS2_32.dll
0x00007ffa67090000 - 0x00007ffa6709a000 	C:\Windows\SYSTEM32\VERSION.dll
0x00007ffa71a30000 - 0x00007ffa71a57000 	C:\Windows\SYSTEM32\WINMM.dll
0x00007ffa74450000 - 0x00007ffa74462000 	C:\Windows\SYSTEM32\kernel.appcore.dll
0x00007ffa455b0000 - 0x00007ffa455c0000 	D:\app\Java\jdk1.8\jre\bin\verify.dll
0x00007ffa3a8e0000 - 0x00007ffa3a90b000 	D:\app\Java\jdk1.8\jre\bin\java.dll
0x00007ffa59260000 - 0x00007ffa59290000 	D:\app\Java\jdk1.8\jre\bin\instrument.dll
0x00007ffa3a660000 - 0x00007ffa3a678000 	D:\app\Java\jdk1.8\jre\bin\zip.dll
0x00007ffa77c60000 - 0x00007ffa783d0000 	C:\Windows\System32\SHELL32.dll
0x00007ffa72e70000 - 0x00007ffa73615000 	C:\Windows\SYSTEM32\windows.storage.dll
0x00007ffa76b00000 - 0x00007ffa76e54000 	C:\Windows\System32\combase.dll
0x00007ffa75600000 - 0x00007ffa7562b000 	C:\Windows\SYSTEM32\Wldp.dll
0x00007ffa76970000 - 0x00007ffa76a3d000 	C:\Windows\System32\OLEAUT32.dll
0x00007ffa77050000 - 0x00007ffa770fd000 	C:\Windows\System32\SHCORE.dll
0x00007ffa76a40000 - 0x00007ffa76a9b000 	C:\Windows\System32\shlwapi.dll
0x00007ffa75b70000 - 0x00007ffa75b94000 	C:\Windows\SYSTEM32\profapi.dll
0x00007ff9fb570000 - 0x00007ff9fb5a1000 	c:\windows\msconfig\UserCtrl64.dll
0x00007ffa3a640000 - 0x00007ffa3a65c000 	D:\app\Java\jdk1.8\jre\bin\net.dll
0x00007ffa75360000 - 0x00007ffa753ca000 	C:\Windows\system32\mswsock.dll
0x00007ffa4f550000 - 0x00007ffa4f567000 	C:\Windows\system32\napinsp.dll
0x00007ffa4f530000 - 0x00007ffa4f54b000 	C:\Windows\system32\pnrpnsp.dll
0x00007ffa70b30000 - 0x00007ffa70b4d000 	C:\Windows\system32\wshbth.dll
0x00007ffa6f3e0000 - 0x00007ffa6f3fd000 	C:\Windows\system32\NLAapi.dll
0x00007ffa75040000 - 0x00007ffa7507b000 	C:\Windows\SYSTEM32\IPHLPAPI.DLL
0x00007ffa75080000 - 0x00007ffa7514a000 	C:\Windows\SYSTEM32\DNSAPI.dll
0x00007ffa783d0000 - 0x00007ffa783d8000 	C:\Windows\System32\NSI.dll
0x00007ffa4f210000 - 0x00007ffa4f222000 	C:\Windows\System32\winrnr.dll
0x00007ffa6c800000 - 0x00007ffa6c80a000 	C:\Windows\System32\rasadhlp.dll
0x00007ffa6a970000 - 0x00007ffa6a9f0000 	C:\Windows\System32\fwpuclnt.dll
0x00007ffa3a1c0000 - 0x00007ffa3a1d3000 	D:\app\Java\jdk1.8\jre\bin\nio.dll

VM Arguments:
jvm_args: -javaagent:D:\\app\\maven\\myrepo\\org\\jacoco\\org.jacoco.agent\\0.8.11\\org.jacoco.agent-0.8.11-runtime.jar=destfile=D:\\git_workspace\\spring-sql-auto-update\\flyway-digital-core\\target\\jacoco.exec 
java_command: C:\Users\admin\AppData\Local\Temp\surefire8920949881267943118\surefirebooter-20260227152313935_3.jar C:\Users\admin\AppData\Local\Temp\surefire8920949881267943118 2026-02-27T15-23-12_698-jvmRun1 surefire-20260227152313935_1tmp surefire_0-20260227152313935_2tmp
java_class_path (initial): C:\Users\admin\AppData\Local\Temp\surefire8920949881267943118\surefirebooter-20260227152313935_3.jar;D:\\app\\maven\\myrepo\\org\\jacoco\\org.jacoco.agent\\0.8.11\\org.jacoco.agent-0.8.11-runtime.jar
Launcher Type: SUN_STANDARD

Environment Variables:
JAVA_HOME=D:/app/Java/jdk1.8
PATH=D:\app\anaconda3\condabin;C:\Program Files\Git\mingw64\bin;C:\Program Files\Git\usr\bin;C:\Users\admin\bin;C:\Python314\Scripts;C:\Python314;D:\app\Python310-new\Scripts;D:\app\Python310-new;D:\app\VM\bin;C:\Program Files (x86)\Common Files\Oracle\Java\javapath;C:\Windows\system32;C:\Windows;C:\Windows\System32\Wbem;C:\Windows\System32\WindowsPowerShell\v1.0;C:\Windows\System32\OpenSSH;C:\Program Files\Git\cmd;C:\Program Files\TortoiseSVN\bin;C:\Program Files\Microsoft SQL Server\110\Tools\Binn;C:\Program Files (x86)\Microsoft SDKs\TypeScript\1.0;C:\Program Files\Microsoft SQL Server\120\Tools\Binn;D:\app\Python310;D:\app\Python310\Scripts;D:\app\anaconda3;D:\app\anaconda3\Scripts;D:\app\anaconda3\Library\bin;D:\app\node.js;C:\ProgramData\chocolatey\bin;C:\Program Files\CMake\bin;D:\app\Java\jdk1.8\bin;C:\Users\admin\AppData\Local\Microsoft\WindowsApps;D:\app\jetBrains\IntelliJ IDEA 2025.3\bin;D:\app\maven\apache-maven-3.6.3\bin;D:\app\Java\jdk1.8\lib\tools.jar;D:\app\PyCharm 2025.3\bin;D:\app\Python310;D:\app\Python310\Scripts;D:\app\Microsoft VS Code\bin;D:\app\mysql-5.7.44-winx64\bin;C:\Users\admin\AppData\Roaming\npm;D:\app\Qoder\bin
USERNAME=admin
OS=Windows_NT
PROCESSOR_IDENTIFIER=Intel64 Family 6 Model 197 Stepping 2, GenuineIntel



---------------  S Y S T E M  ---------------

OS: Windows 10.0 , 64 bit Build 19041 (10.0.19041.5915)

CPU:total 14 (initial active 14) (14 cores per cpu, 1 threads per core) family 6 model 197 stepping 2, cmov, cx8, fxsr, mmx, sse, sse2, sse3, ssse3, sse4.1, sse4.2, popcnt, avx, avx2, aes, clmul, erms, 3dnowpref, lzcnt, tsc, tscinvbit, bmi1, bmi2, adx

Memory: 4k page, physical 33027448k(9243520k free), swap 78809840k(32948k free)

vm_info: Java HotSpot(TM) 64-Bit Server VM (25.291-b10) for windows-amd64 JRE (1.8.0_291-b10), built on Apr  9 2021 00:02:00 by "java_re" with MS VC++ 15.9 (VS2017)

time: Fri Feb 27 15:23:17 2026
timezone: 中国标准时间
elapsed time: 2.426928 seconds (0d 0h 0m 2s)

