#
# There is insufficient memory for the Java Runtime Environment to continue.
# Native memory allocation (malloc) failed to allocate 41472 bytes for Chunk::new
# Possible reasons:
#   The system is out of physical RAM or swap space
#   The process is running with CompressedOops enabled, and the Java Heap may be blocking the growth of the native heap
# Possible solutions:
#   Reduce memory load on the system
#   Increase physical memory or swap space
#   Check if swap backing store is full
#   Decrease Java heap size (-Xmx/-Xms)
#   Decrease number of Java threads
#   Decrease Java thread stack sizes (-Xss)
#   Set larger code cache with -XX:ReservedCodeCacheSize=
#   JVM is running with Zero Based Compressed Oops mode in which the Java heap is
#     placed in the first 32GB address space. The Java Heap base address is the
#     maximum limit for the native heap growth. Please use -XX:HeapBaseMinAddress
#     to set the Java Heap base and to place the Java Heap above 32GB virtual address.
# This output file may be truncated or incomplete.
#
#  Out of Memory Error (allocation.cpp:389), pid=37560, tid=0x000000000000fe60
#
# JRE version: Java(TM) SE Runtime Environment (8.0_291-b10) (build 1.8.0_291-b10)
# Java VM: Java HotSpot(TM) 64-Bit Server VM (25.291-b10 mixed mode windows-amd64 compressed oops)
# Failed to write core dump. Minidumps are not enabled by default on client versions of Windows
#

---------------  T H R E A D  ---------------

Current thread (0x000002ea778fb800):  JavaThread "C2 CompilerThread2" daemon [_thread_in_native, id=65120, stack(0x000000f11bb00000,0x000000f11bc00000)]

Stack: [0x000000f11bb00000,0x000000f11bc00000]
Native frames: (J=compiled Java code, j=interpreted, Vv=VM code, C=native code)
V  [jvm.dll+0x32ea19]


Current CompileTask:
C2:   5029 1127       4       org.jacoco.agent.rt.internal_4742761.asm.MethodWriter::visitFrame (811 bytes)


---------------  P R O C E S S  ---------------

Java Threads: ( => current thread )
  0x000002ea7860c800 JavaThread "surefire-forkedjvm-command-thread" daemon [_thread_in_native, id=40140, stack(0x000000f11c000000,0x000000f11c100000)]
  0x000002ea7875f000 JavaThread "surefire-forkedjvm-stream-flusher" daemon [_thread_blocked, id=41184, stack(0x000000f11be00000,0x000000f11bf00000)]
  0x000002ea77934800 JavaThread "Service Thread" daemon [_thread_blocked, id=25184, stack(0x000000f11bd00000,0x000000f11be00000)]
  0x000002ea778fc000 JavaThread "C1 CompilerThread3" daemon [_thread_blocked, id=95848, stack(0x000000f11bc00000,0x000000f11bd00000)]
=>0x000002ea778fb800 JavaThread "C2 CompilerThread2" daemon [_thread_in_native, id=65120, stack(0x000000f11bb00000,0x000000f11bc00000)]
  0x000002ea77863000 JavaThread "C2 CompilerThread1" daemon [_thread_blocked, id=102128, stack(0x000000f11ba00000,0x000000f11bb00000)]
  0x000002ea7785c000 JavaThread "C2 CompilerThread0" daemon [_thread_blocked, id=18920, stack(0x000000f11b900000,0x000000f11ba00000)]
  0x000002ea77756800 JavaThread "Attach Listener" daemon [_thread_blocked, id=43356, stack(0x000000f11b800000,0x000000f11b900000)]
  0x000002ea77756000 JavaThread "Signal Dispatcher" daemon [_thread_blocked, id=73940, stack(0x000000f11b700000,0x000000f11b800000)]
  0x000002ea74fda800 JavaThread "Finalizer" daemon [_thread_blocked, id=57128, stack(0x000000f11b600000,0x000000f11b700000)]
  0x000002ea74fcf800 JavaThread "Reference Handler" daemon [_thread_blocked, id=80352, stack(0x000000f11b500000,0x000000f11b600000)]
  0x000002ea51090000 JavaThread "main" [_thread_in_native, id=32792, stack(0x000000f11a800000,0x000000f11a900000)]

Other Threads:
  0x000002ea74fa5000 VMThread [stack: 0x000000f11b400000,0x000000f11b500000] [id=88140]
  0x000002ea7791a000 WatcherThread [stack: 0x000000f11bf00000,0x000000f11c000000] [id=69388]

VM state:not at safepoint (normal execution)

VM Mutex/Monitor currently owned by a thread: None

heap address: 0x00000005c8000000, size: 8064 MB, Compressed Oops mode: Zero based, Oop shift amount: 3
Narrow klass base: 0x0000000000000000, Narrow klass shift: 3
Compressed class space size: 1073741824 Address: 0x00000007c0000000

Heap:
 PSYoungGen      total 150528K, used 49097K [0x0000000718000000, 0x0000000722800000, 0x00000007c0000000)
  eden space 129024K, 38% used [0x0000000718000000,0x000000071aff26f8,0x000000071fe00000)
  from space 21504K, 0% used [0x0000000721300000,0x0000000721300000,0x0000000722800000)
  to   space 21504K, 0% used [0x000000071fe00000,0x000000071fe00000,0x0000000721300000)
 ParOldGen       total 344064K, used 0K [0x00000005c8000000, 0x00000005dd000000, 0x0000000718000000)
  object space 344064K, 0% used [0x00000005c8000000,0x00000005c8000000,0x00000005dd000000)
 Metaspace       used 8816K, capacity 9022K, committed 9216K, reserved 1056768K
  class space    used 952K, capacity 1021K, committed 1024K, reserved 1048576K

Card table byte_map: [0x000002ea61f00000,0x000002ea62ed0000] byte_map_base: 0x000002ea5f0c0000

Marking Bits: (ParMarkBitMap*) 0x000000005ab67fe0
 Begin Bits: [0x000002ea63950000, 0x000002ea6b750000)
 End Bits:   [0x000002ea6b750000, 0x000002ea73550000)

Polling page: 0x000002ea51270000

CodeCache: size=245760Kb used=5092Kb max_used=5104Kb free=240667Kb
 bounds [0x000002ea52b40000, 0x000002ea53040000, 0x000002ea61b40000]
 total_blobs=1481 nmethods=1139 adapters=254
 compilation: enabled

Compilation events (10 events):
Event: 4.999 Thread 0x000002ea7785c000 nmethod 1123 0x000002ea5302ef50 code [0x000002ea5302f180, 0x000002ea5302f8e8]
Event: 5.007 Thread 0x000002ea778fc000 1124       3       sun.net.www.ParseUtil::canonizeString (195 bytes)
Event: 5.007 Thread 0x000002ea778fb800 1127       4       org.jacoco.agent.rt.internal_4742761.asm.MethodWriter::visitFrame (811 bytes)
Event: 5.007 Thread 0x000002ea7785c000 1128       4       org.jacoco.agent.rt.internal_4742761.core.internal.flow.LabelFlowAnalyzer::visitInsn (115 bytes)
Event: 5.008 Thread 0x000002ea778fc000 nmethod 1124 0x000002ea53030390 code [0x000002ea53030740, 0x000002ea53032bf0]
Event: 5.008 Thread 0x000002ea778fc000 1125       3       java.net.URLStreamHandler::setURL (159 bytes)
Event: 5.008 Thread 0x000002ea7785c000 nmethod 1128 0x000002ea5301ef50 code [0x000002ea5301f080, 0x000002ea5301f118]
Event: 5.008 Thread 0x000002ea778fc000 nmethod 1125 0x000002ea53034950 code [0x000002ea53034bc0, 0x000002ea53035fb0]
Event: 5.008 Thread 0x000002ea778fc000 1126  s    3       java.util.jar.JarFile::getInputStream (89 bytes)
Event: 5.008 Thread 0x000002ea778fc000 nmethod 1126 0x000002ea5302de90 code [0x000002ea5302e0a0, 0x000002ea5302ec20]

GC Heap History (0 events):
No events

Deoptimization events (10 events):
Event: 2.918 Thread 0x000002ea51090000 Uncommon trap: reason=bimorphic action=maybe_recompile pc=0x000002ea52e4be4c method=org.jacoco.agent.rt.internal_4742761.asm.tree.InsnNode.accept(Lorg/jacoco/agent/rt/internal_4742761/asm/MethodVisitor;)V @ 5
Event: 2.918 Thread 0x000002ea51090000 Uncommon trap: reason=bimorphic action=maybe_recompile pc=0x000002ea52e990f8 method=org.jacoco.agent.rt.internal_4742761.asm.tree.VarInsnNode.accept(Lorg/jacoco/agent/rt/internal_4742761/asm/MethodVisitor;)V @ 9
Event: 2.918 Thread 0x000002ea51090000 Uncommon trap: reason=bimorphic action=maybe_recompile pc=0x000002ea52e4be4c method=org.jacoco.agent.rt.internal_4742761.asm.tree.InsnNode.accept(Lorg/jacoco/agent/rt/internal_4742761/asm/MethodVisitor;)V @ 5
Event: 2.918 Thread 0x000002ea51090000 Uncommon trap: reason=bimorphic action=maybe_recompile pc=0x000002ea52e9d904 method=org.jacoco.agent.rt.internal_4742761.asm.tree.MethodInsnNode.accept(Lorg/jacoco/agent/rt/internal_4742761/asm/MethodVisitor;)V @ 21
Event: 2.918 Thread 0x000002ea51090000 Uncommon trap: reason=bimorphic action=maybe_recompile pc=0x000002ea52e9d904 method=org.jacoco.agent.rt.internal_4742761.asm.tree.MethodInsnNode.accept(Lorg/jacoco/agent/rt/internal_4742761/asm/MethodVisitor;)V @ 21
Event: 3.418 Thread 0x000002ea51090000 Uncommon trap: reason=null_check action=make_not_entrant pc=0x000002ea52cdec14 method=java.lang.String.equals(Ljava/lang/Object;)Z @ 8
Event: 4.796 Thread 0x000002ea51090000 Uncommon trap: reason=class_check action=maybe_recompile pc=0x000002ea52e6c4dc method=java.util.regex.Pattern$CharProperty.match(Ljava/util/regex/Matcher;ILjava/lang/CharSequence;)Z @ 18
Event: 4.797 Thread 0x000002ea51090000 Uncommon trap: reason=class_check action=maybe_recompile pc=0x000002ea52e6c4dc method=java.util.regex.Pattern$CharProperty.match(Ljava/util/regex/Matcher;ILjava/lang/CharSequence;)Z @ 18
Event: 4.797 Thread 0x000002ea51090000 Uncommon trap: reason=class_check action=maybe_recompile pc=0x000002ea52e6c4dc method=java.util.regex.Pattern$CharProperty.match(Ljava/util/regex/Matcher;ILjava/lang/CharSequence;)Z @ 18
Event: 4.797 Thread 0x000002ea51090000 Uncommon trap: reason=class_check action=maybe_recompile pc=0x000002ea52e6c4dc method=java.util.regex.Pattern$CharProperty.match(Ljava/util/regex/Matcher;ILjava/lang/CharSequence;)Z @ 18

Classes redefined (0 events):
No events

Internal exceptions (10 events):
Event: 3.449 Thread 0x000002ea51090000 Exception <a 'java/lang/NoSuchMethodError': org.junit.runner.Description.createSuiteDescription(Ljava/lang/String;)Lorg/junit/runner/Description;> (0x000000071a4f3890) thrown at [C:\jenkins\workspace\8-2-build-windows-amd64-cygwin\jdk8u291\1294\hotspot\sr
Event: 3.449 Thread 0x000002ea51090000 Exception <a 'java/lang/NoSuchMethodError': org.junit.runner.Description.createSuiteDescription(Ljava/lang/String;)Lorg/junit/runner/Description;> (0x000000071a4f3d10) thrown at [C:\jenkins\workspace\8-2-build-windows-amd64-cygwin\jdk8u291\1294\hotspot\sr
Event: 3.449 Thread 0x000002ea51090000 Exception <a 'java/lang/NoSuchMethodError': org.junit.runner.Description.createSuiteDescription(Ljava/lang/String;)Lorg/junit/runner/Description;> (0x000000071a4f4190) thrown at [C:\jenkins\workspace\8-2-build-windows-amd64-cygwin\jdk8u291\1294\hotspot\sr
Event: 3.449 Thread 0x000002ea51090000 Exception <a 'java/lang/NoSuchMethodError': org.junit.runner.Description.createSuiteDescription(Ljava/lang/String;)Lorg/junit/runner/Description;> (0x000000071a4f4610) thrown at [C:\jenkins\workspace\8-2-build-windows-amd64-cygwin\jdk8u291\1294\hotspot\sr
Event: 3.449 Thread 0x000002ea51090000 Exception <a 'java/lang/NoSuchMethodError': org.junit.runner.Description.createSuiteDescription(Ljava/lang/String;)Lorg/junit/runner/Description;> (0x000000071a4f4a90) thrown at [C:\jenkins\workspace\8-2-build-windows-amd64-cygwin\jdk8u291\1294\hotspot\sr
Event: 3.449 Thread 0x000002ea51090000 Exception <a 'java/lang/NoSuchMethodError': org.junit.runner.Description.createSuiteDescription(Ljava/lang/String;)Lorg/junit/runner/Description;> (0x000000071a4f4f10) thrown at [C:\jenkins\workspace\8-2-build-windows-amd64-cygwin\jdk8u291\1294\hotspot\sr
Event: 3.490 Thread 0x000002ea51090000 Exception <a 'java/lang/NoSuchFieldError': method resolution failed> (0x000000071a6528d8) thrown at [C:\jenkins\workspace\8-2-build-windows-amd64-cygwin\jdk8u291\1294\hotspot\src\share\vm\prims\methodHandles.cpp, line 1169]
Event: 3.491 Thread 0x000002ea51090000 Exception <a 'java/lang/NoSuchFieldError': method resolution failed> (0x000000071a660498) thrown at [C:\jenkins\workspace\8-2-build-windows-amd64-cygwin\jdk8u291\1294\hotspot\src\share\vm\prims\methodHandles.cpp, line 1169]
Event: 3.507 Thread 0x000002ea51090000 Implicit null exception at 0x000002ea52edfd88 to 0x000002ea52ee059e
Event: 3.507 Thread 0x000002ea51090000 Exception <a 'java/lang/NullPointerException'> (0x000000071a6f6e30) thrown at [C:\jenkins\workspace\8-2-build-windows-amd64-cygwin\jdk8u291\1294\hotspot\src\share\vm\runtime\sharedRuntime.cpp, line 609]

Events (10 events):
Event: 4.995 loading class javax/naming/Referenceable
Event: 4.995 loading class javax/naming/Referenceable done
Event: 4.995 loading class org/h2/jdbcx/JdbcDataSourceBackwardsCompat
Event: 4.995 loading class org/h2/jdbcx/JdbcDataSourceBackwardsCompat done
Event: 5.001 loading class org/h2/message/TraceObject
Event: 5.001 loading class org/h2/message/TraceObject done
Event: 5.008 loading class java/sql/SQLException
Event: 5.008 loading class java/sql/SQLException done
Event: 5.008 loading class org/h2/message/DbException
Event: 5.008 loading class org/h2/message/DbException done


Dynamic libraries:
0x00007ff6387c0000 - 0x00007ff638807000 	D:\app\Java\jdk1.8\jre\bin\java.exe
0x00007ffa785b0000 - 0x00007ffa787a8000 	C:\Windows\SYSTEM32\ntdll.dll
0x00007ffa784a0000 - 0x00007ffa78562000 	C:\Windows\System32\KERNEL32.DLL
0x00007ffa76200000 - 0x00007ffa764f6000 	C:\Windows\System32\KERNELBASE.dll
0x00007ffa783e0000 - 0x00007ffa78491000 	C:\Windows\System32\ADVAPI32.dll
0x00007ffa76fb0000 - 0x00007ffa7704e000 	C:\Windows\System32\msvcrt.dll
0x00007ffa77280000 - 0x00007ffa7731f000 	C:\Windows\System32\sechost.dll
0x00007ffa77160000 - 0x00007ffa77280000 	C:\Windows\System32\RPCRT4.dll
0x00007ffa75d20000 - 0x00007ffa75d47000 	C:\Windows\System32\bcrypt.dll
0x00007ffa77320000 - 0x00007ffa774c1000 	C:\Windows\System32\USER32.dll
0x00007ffa765a0000 - 0x00007ffa765c2000 	C:\Windows\System32\win32u.dll
0x00007ffa77c30000 - 0x00007ffa77c5b000 	C:\Windows\System32\GDI32.dll
0x00007ffa75d50000 - 0x00007ffa75e69000 	C:\Windows\System32\gdi32full.dll
0x00007ffa76500000 - 0x00007ffa7659d000 	C:\Windows\System32\msvcp_win.dll
0x00007ffa75e70000 - 0x00007ffa75f70000 	C:\Windows\System32\ucrtbase.dll
0x00007ffa5e240000 - 0x00007ffa5e4db000 	C:\Windows\WinSxS\amd64_microsoft.windows.common-controls_6595b64144ccf1df_6.0.19041.6456_none_60b8a6cb71f64256\COMCTL32.dll
0x00007ffa77c00000 - 0x00007ffa77c2f000 	C:\Windows\System32\IMM32.DLL
0x00007ffa3a910000 - 0x00007ffa3a925000 	D:\app\Java\jdk1.8\jre\bin\vcruntime140.dll
0x00007ffa331a0000 - 0x00007ffa3323b000 	D:\app\Java\jdk1.8\jre\bin\msvcp140.dll
0x000000005a380000 - 0x000000005abe0000 	D:\app\Java\jdk1.8\jre\bin\server\jvm.dll
0x00007ffa76960000 - 0x00007ffa76968000 	C:\Windows\System32\PSAPI.DLL
0x00007ffa71a30000 - 0x00007ffa71a57000 	C:\Windows\SYSTEM32\WINMM.dll
0x00007ffa71760000 - 0x00007ffa71769000 	C:\Windows\SYSTEM32\WSOCK32.dll
0x00007ffa67090000 - 0x00007ffa6709a000 	C:\Windows\SYSTEM32\VERSION.dll
0x00007ffa76f40000 - 0x00007ffa76fab000 	C:\Windows\System32\WS2_32.dll
0x00007ffa74450000 - 0x00007ffa74462000 	C:\Windows\SYSTEM32\kernel.appcore.dll
0x00007ffa455b0000 - 0x00007ffa455c0000 	D:\app\Java\jdk1.8\jre\bin\verify.dll
0x00007ffa3a8e0000 - 0x00007ffa3a90b000 	D:\app\Java\jdk1.8\jre\bin\java.dll
0x00007ffa59260000 - 0x00007ffa59290000 	D:\app\Java\jdk1.8\jre\bin\instrument.dll
0x00007ffa3a660000 - 0x00007ffa3a678000 	D:\app\Java\jdk1.8\jre\bin\zip.dll
0x00007ffa77c60000 - 0x00007ffa783d0000 	C:\Windows\System32\SHELL32.dll
0x00007ffa72e70000 - 0x00007ffa73615000 	C:\Windows\SYSTEM32\windows.storage.dll
0x00007ffa76b00000 - 0x00007ffa76e54000 	C:\Windows\System32\combase.dll
0x00007ffa75600000 - 0x00007ffa7562b000 	C:\Windows\SYSTEM32\Wldp.dll
0x00007ffa76970000 - 0x00007ffa76a3d000 	C:\Windows\System32\OLEAUT32.dll
0x00007ffa77050000 - 0x00007ffa770fd000 	C:\Windows\System32\SHCORE.dll
0x00007ffa76a40000 - 0x00007ffa76a9b000 	C:\Windows\System32\shlwapi.dll
0x00007ffa75b70000 - 0x00007ffa75b94000 	C:\Windows\SYSTEM32\profapi.dll
0x00007ffa3a640000 - 0x00007ffa3a65c000 	D:\app\Java\jdk1.8\jre\bin\net.dll
0x00007ffa75360000 - 0x00007ffa753ca000 	C:\Windows\system32\mswsock.dll
0x00007ffa4f550000 - 0x00007ffa4f567000 	C:\Windows\system32\napinsp.dll
0x00007ffa4f530000 - 0x00007ffa4f54b000 	C:\Windows\system32\pnrpnsp.dll
0x00007ffa70b30000 - 0x00007ffa70b4d000 	C:\Windows\system32\wshbth.dll
0x00007ffa6f3e0000 - 0x00007ffa6f3fd000 	C:\Windows\system32\NLAapi.dll
0x00007ffa75040000 - 0x00007ffa7507b000 	C:\Windows\SYSTEM32\IPHLPAPI.DLL
0x00007ffa75080000 - 0x00007ffa7514a000 	C:\Windows\SYSTEM32\DNSAPI.dll
0x00007ffa783d0000 - 0x00007ffa783d8000 	C:\Windows\System32\NSI.dll
0x00007ffa4f210000 - 0x00007ffa4f222000 	C:\Windows\System32\winrnr.dll
0x00007ffa6c800000 - 0x00007ffa6c80a000 	C:\Windows\System32\rasadhlp.dll
0x00007ffa6a970000 - 0x00007ffa6a9f0000 	C:\Windows\System32\fwpuclnt.dll
0x00007ffa3a1c0000 - 0x00007ffa3a1d3000 	D:\app\Java\jdk1.8\jre\bin\nio.dll
0x00007ff9fb570000 - 0x00007ff9fb5a1000 	c:\windows\msconfig\UserCtrl64.dll
0x00007ffa59310000 - 0x00007ffa5931d000 	D:\app\Java\jdk1.8\jre\bin\management.dll

VM Arguments:
jvm_args: -javaagent:D:\\app\\maven\\myrepo\\org\\jacoco\\org.jacoco.agent\\0.8.11\\org.jacoco.agent-0.8.11-runtime.jar=destfile=D:\\git_workspace\\spring-sql-auto-update\\flyway-digital-core\\target\\jacoco.exec 
java_command: C:\Users\admin\AppData\Local\Temp\surefire6161558546657313763\surefirebooter-20260227152311940_3.jar C:\Users\admin\AppData\Local\Temp\surefire6161558546657313763 2026-02-27T15-23-10_840-jvmRun1 surefire-20260227152311940_1tmp surefire_0-20260227152311940_2tmp
java_class_path (initial): C:\Users\admin\AppData\Local\Temp\surefire6161558546657313763\surefirebooter-20260227152311940_3.jar;D:\\app\\maven\\myrepo\\org\\jacoco\\org.jacoco.agent\\0.8.11\\org.jacoco.agent-0.8.11-runtime.jar
Launcher Type: SUN_STANDARD

Environment Variables:
JAVA_HOME=D:/app/Java/jdk1.8
PATH=D:\app\anaconda3\condabin;C:\Program Files\Git\mingw64\bin;C:\Program Files\Git\usr\bin;C:\Users\admin\bin;C:\Python314\Scripts;C:\Python314;D:\app\Python310-new\Scripts;D:\app\Python310-new;D:\app\VM\bin;C:\Program Files (x86)\Common Files\Oracle\Java\javapath;C:\Windows\system32;C:\Windows;C:\Windows\System32\Wbem;C:\Windows\System32\WindowsPowerShell\v1.0;C:\Windows\System32\OpenSSH;C:\Program Files\Git\cmd;C:\Program Files\TortoiseSVN\bin;C:\Program Files\Microsoft SQL Server\110\Tools\Binn;C:\Program Files (x86)\Microsoft SDKs\TypeScript\1.0;C:\Program Files\Microsoft SQL Server\120\Tools\Binn;D:\app\Python310;D:\app\Python310\Scripts;D:\app\anaconda3;D:\app\anaconda3\Scripts;D:\app\anaconda3\Library\bin;D:\app\node.js;C:\ProgramData\chocolatey\bin;C:\Program Files\CMake\bin;D:\app\Java\jdk1.8\bin;C:\Users\admin\AppData\Local\Microsoft\WindowsApps;D:\app\jetBrains\IntelliJ IDEA 2025.3\bin;D:\app\maven\apache-maven-3.6.3\bin;D:\app\Java\jdk1.8\lib\tools.jar;D:\app\PyCharm 2025.3\bin;D:\app\Python310;D:\app\Python310\Scripts;D:\app\Microsoft VS Code\bin;D:\app\mysql-5.7.44-winx64\bin;C:\Users\admin\AppData\Roaming\npm;D:\app\Qoder\bin
USERNAME=admin
OS=Windows_NT
PROCESSOR_IDENTIFIER=Intel64 Family 6 Model 197 Stepping 2, GenuineIntel



---------------  S Y S T E M  ---------------

OS: Windows 10.0 , 64 bit Build 19041 (10.0.19041.5915)

CPU:total 14 (initial active 14) (14 cores per cpu, 1 threads per core) family 6 model 197 stepping 2, cmov, cx8, fxsr, mmx, sse, sse2, sse3, ssse3, sse4.1, sse4.2, popcnt, avx, avx2, aes, clmul, erms, 3dnowpref, lzcnt, tsc, tscinvbit, bmi1, bmi2, adx

Memory: 4k page, physical 33027448k(9243596k free), swap 78809840k(34144k free)

vm_info: Java HotSpot(TM) 64-Bit Server VM (25.291-b10) for windows-amd64 JRE (1.8.0_291-b10), built on Apr  9 2021 00:02:00 by "java_re" with MS VC++ 15.9 (VS2017)

time: Fri Feb 27 15:23:17 2026
timezone: 中国标准时间
elapsed time: 5.042520 seconds (0d 0h 0m 5s)

