#
# There is insufficient memory for the Java Runtime Environment to continue.
# Native memory allocation (malloc) failed to allocate 2399536 bytes for Chunk::new
# Possible reasons:
#   The system is out of physical RAM or swap space
#   The process is running with CompressedOops enabled, and the Java Heap may be blocking the growth of the native heap
# Possible solutions:
#   Reduce memory load on the system
#   Increase physical memory or swap space
#   Check if swap backing store is full
#   Decrease Java heap size (-Xmx/-Xms)
#   Decrease number of Java threads
#   Decrease Java thread stack sizes (-Xss)
#   Set larger code cache with -XX:ReservedCodeCacheSize=
#   JVM is running with Zero Based Compressed Oops mode in which the Java heap is
#     placed in the first 32GB address space. The Java Heap base address is the
#     maximum limit for the native heap growth. Please use -XX:HeapBaseMinAddress
#     to set the Java Heap base and to place the Java Heap above 32GB virtual address.
# This output file may be truncated or incomplete.
#
#  Out of Memory Error (allocation.cpp:389), pid=107048, tid=0x0000000000017258
#
# JRE version: Java(TM) SE Runtime Environment (8.0_291-b10) (build 1.8.0_291-b10)
# Java VM: Java HotSpot(TM) 64-Bit Server VM (25.291-b10 mixed mode windows-amd64 compressed oops)
# Failed to write core dump. Minidumps are not enabled by default on client versions of Windows
#

---------------  T H R E A D  ---------------

Current thread (0x000001e61ec0b000):  JavaThread "C2 CompilerThread0" daemon [_thread_in_native, id=94808, stack(0x0000006606300000,0x0000006606400000)]

Stack: [0x0000006606300000,0x0000006606400000]
Native frames: (J=compiled Java code, j=interpreted, Vv=VM code, C=native code)
V  [jvm.dll+0x32ea19]
V  [jvm.dll+0x275462]
V  [jvm.dll+0x27610d]
V  [jvm.dll+0x26cb45]
V  [jvm.dll+0xd524c]
V  [jvm.dll+0xd5a4c]
V  [jvm.dll+0x46fd43]
V  [jvm.dll+0x437850]
V  [jvm.dll+0x440855]
V  [jvm.dll+0x43fc15]
V  [jvm.dll+0x42aa57]
V  [jvm.dll+0xabeeb]
V  [jvm.dll+0xaa54b]
V  [jvm.dll+0x23db02]
V  [jvm.dll+0x29210c]
C  [ucrtbase.dll+0x21bb2]
C  [KERNEL32.DLL+0x17374]
C  [ntdll.dll+0x4cc91]


Current CompileTask:
C2:   9437 1654   !   4       java.net.URLClassLoader$1::run (63 bytes)


---------------  P R O C E S S  ---------------

Java Threads: ( => current thread )
  0x000001e61ecf6800 JavaThread "Service Thread" daemon [_thread_blocked, id=7120, stack(0x0000006606700000,0x0000006606800000)]
  0x000001e61ec60800 JavaThread "C1 CompilerThread3" daemon [_thread_blocked, id=49604, stack(0x0000006606600000,0x0000006606700000)]
  0x000001e61ec5c800 JavaThread "C2 CompilerThread2" daemon [_thread_blocked, id=19820, stack(0x0000006606500000,0x0000006606600000)]
  0x000001e61ec5e000 JavaThread "C2 CompilerThread1" daemon [_thread_in_native, id=48836, stack(0x0000006606400000,0x0000006606500000)]
=>0x000001e61ec0b000 JavaThread "C2 CompilerThread0" daemon [_thread_in_native, id=94808, stack(0x0000006606300000,0x0000006606400000)]
  0x000001e61ec0a800 JavaThread "Attach Listener" daemon [_thread_blocked, id=61964, stack(0x0000006606200000,0x0000006606300000)]
  0x000001e67d7bd800 JavaThread "Signal Dispatcher" daemon [_thread_blocked, id=61692, stack(0x0000006606100000,0x0000006606200000)]
  0x000001e67d78e800 JavaThread "Finalizer" daemon [_thread_blocked, id=32864, stack(0x0000006606000000,0x0000006606100000)]
  0x000001e67d781800 JavaThread "Reference Handler" daemon [_thread_blocked, id=71304, stack(0x0000006605f00000,0x0000006606000000)]
  0x000001e67851e000 JavaThread "main" [_thread_in_native, id=30404, stack(0x0000006605200000,0x0000006605300000)]

Other Threads:
  0x000001e67d75a800 VMThread [stack: 0x0000006605e00000,0x0000006605f00000] [id=86640]
  0x000001e61ed1d800 WatcherThread [stack: 0x0000006606800000,0x0000006606900000] [id=19612]

VM state:not at safepoint (normal execution)

VM Mutex/Monitor currently owned by a thread: None

heap address: 0x00000005c8000000, size: 8064 MB, Compressed Oops mode: Zero based, Oop shift amount: 3
Narrow klass base: 0x0000000000000000, Narrow klass shift: 3
Compressed class space size: 1073741824 Address: 0x00000007c0000000

Heap:
 PSYoungGen      total 150528K, used 92900K [0x0000000718000000, 0x0000000722800000, 0x00000007c0000000)
  eden space 129024K, 72% used [0x0000000718000000,0x000000071dab92b0,0x000000071fe00000)
  from space 21504K, 0% used [0x0000000721300000,0x0000000721300000,0x0000000722800000)
  to   space 21504K, 0% used [0x000000071fe00000,0x000000071fe00000,0x0000000721300000)
 ParOldGen       total 344064K, used 0K [0x00000005c8000000, 0x00000005dd000000, 0x0000000718000000)
  object space 344064K, 0% used [0x00000005c8000000,0x00000005c8000000,0x00000005dd000000)
 Metaspace       used 15027K, capacity 15342K, committed 15616K, reserved 1062912K
  class space    used 1830K, capacity 1943K, committed 2048K, reserved 1048576K

Card table byte_map: [0x000001e67a2b0000,0x000001e67b280000] byte_map_base: 0x000001e677470000

Marking Bits: (ParMarkBitMap*) 0x000000005ab67fe0
 Begin Bits: [0x000001e60f000000, 0x000001e616e00000)
 End Bits:   [0x000001e616e00000, 0x000001e61ec00000)

Polling page: 0x000001e6784d0000

CodeCache: size=245760Kb used=6500Kb max_used=6513Kb free=239259Kb
 bounds [0x000001e600000000, 0x000001e600670000, 0x000001e60f000000]
 total_blobs=2168 nmethods=1808 adapters=272
 compilation: enabled

Compilation events (10 events):
Event: 8.628 Thread 0x000001e61ec60800 nmethod 1649 0x000001e6005afe50 code [0x000001e6005affc0, 0x000001e6005b01b0]
Event: 8.655 Thread 0x000001e61ec0b000 nmethod 1647 0x000001e6005b6f50 code [0x000001e6005b7300, 0x000001e6005baab8]
Event: 8.680 Thread 0x000001e61ec60800 1651       3       java.util.regex.Pattern::next (33 bytes)
Event: 8.680 Thread 0x000001e61ec60800 nmethod 1651 0x000001e6005b69d0 code [0x000001e6005b6b40, 0x000001e6005b6e10]
Event: 8.680 Thread 0x000001e61ec60800 1652       3       java.util.regex.Pattern$Node::<init> (12 bytes)
Event: 8.680 Thread 0x000001e61ec60800 nmethod 1652 0x000001e6005b65d0 code [0x000001e6005b6740, 0x000001e6005b6918]
Event: 8.705 Thread 0x000001e61ec5e000 1653       4       java.net.URLClassLoader$1::run (5 bytes)
Event: 8.705 Thread 0x000001e61ec0b000 1654   !   4       java.net.URLClassLoader$1::run (63 bytes)
Event: 8.752 Thread 0x000001e61ec60800 1655       3       java.util.Arrays::hashCode (56 bytes)
Event: 8.752 Thread 0x000001e61ec60800 nmethod 1655 0x000001e6005b5f90 code [0x000001e6005b6100, 0x000001e6005b6490]

GC Heap History (0 events):
No events

Deoptimization events (10 events):
Event: 7.087 Thread 0x000001e67851e000 Uncommon trap: reason=unstable_if action=reinterpret pc=0x000001e6002a2184 method=sun.nio.cs.UTF_8$Decoder.decode([BII[C)I @ 30
Event: 7.094 Thread 0x000001e67851e000 Uncommon trap: reason=unstable_if action=reinterpret pc=0x000001e6002c2300 method=sun.nio.cs.UTF_8$Decoder.decodeArrayLoop(Ljava/nio/ByteBuffer;Ljava/nio/CharBuffer;)Ljava/nio/charset/CoderResult; @ 84
Event: 7.839 Thread 0x000001e67851e000 Uncommon trap: reason=unstable_if action=reinterpret pc=0x000001e6001e78ec method=sun.misc.MetaIndex.mayContain(Ljava/lang/String;)Z @ 38
Event: 7.865 Thread 0x000001e67851e000 Uncommon trap: reason=unstable_if action=reinterpret pc=0x000001e600246198 method=sun.net.www.ParseUtil.encodePath(Ljava/lang/String;Z)Ljava/lang/String; @ 109
Event: 8.037 Thread 0x000001e67851e000 Uncommon trap: reason=unstable_if action=reinterpret pc=0x000001e6001a3408 method=java.lang.String.replace(CC)Ljava/lang/String; @ 2
Event: 8.197 Thread 0x000001e67851e000 Uncommon trap: reason=unstable_if action=reinterpret pc=0x000001e6002f70d8 method=java.lang.AbstractStringBuilder.append(Ljava/lang/String;)Ljava/lang/AbstractStringBuilder; @ 1
Event: 8.197 Thread 0x000001e67851e000 Uncommon trap: reason=unstable_if action=reinterpret pc=0x000001e60022ab3c method=java.lang.AbstractStringBuilder.append(Ljava/lang/String;)Ljava/lang/AbstractStringBuilder; @ 1
Event: 8.627 Thread 0x000001e67851e000 Uncommon trap: reason=unstable_if action=reinterpret pc=0x000001e6002661ac method=sun.nio.cs.UTF_8$Decoder.decode([BII[C)I @ 30
Event: 8.628 Thread 0x000001e67851e000 Uncommon trap: reason=bimorphic action=maybe_recompile pc=0x000001e60057b164 method=java.util.regex.Pattern$CharProperty.match(Ljava/util/regex/Matcher;ILjava/lang/CharSequence;)Z @ 37
Event: 8.629 Thread 0x000001e67851e000 Uncommon trap: reason=bimorphic action=maybe_recompile pc=0x000001e60057b164 method=java.util.regex.Pattern$CharProperty.match(Ljava/util/regex/Matcher;ILjava/lang/CharSequence;)Z @ 37

Classes redefined (0 events):
No events

Internal exceptions (10 events):
Event: 6.719 Thread 0x000001e67851e000 Exception <a 'java/lang/NoClassDefFoundError'> (0x000000071c7a8300) thrown at [C:\jenkins\workspace\8-2-build-windows-amd64-cygwin\jdk8u291\1294\hotspot\src\share\vm\prims\jvm.cpp, line 1527]
Event: 6.722 Thread 0x000001e67851e000 Exception <a 'java/lang/NoClassDefFoundError': javax/annotation/Priority> (0x000000071c7acb28) thrown at [C:\jenkins\workspace\8-2-build-windows-amd64-cygwin\jdk8u291\1294\hotspot\src\share\vm\classfile\systemDictionary.cpp, line 201]
Event: 7.429 Thread 0x000001e67851e000 Exception <a 'java/lang/NullPointerException'> (0x000000071cd62520) thrown at [C:\jenkins\workspace\8-2-build-windows-amd64-cygwin\jdk8u291\1294\hotspot\src\share\vm\interpreter\linkResolver.cpp, line 1185]
Event: 7.429 Thread 0x000001e67851e000 Exception <a 'java/lang/NullPointerException'> (0x000000071cd62738) thrown at [C:\jenkins\workspace\8-2-build-windows-amd64-cygwin\jdk8u291\1294\hotspot\src\share\vm\interpreter\linkResolver.cpp, line 1185]
Event: 7.429 Thread 0x000001e67851e000 Exception <a 'java/lang/NullPointerException'> (0x000000071cd62950) thrown at [C:\jenkins\workspace\8-2-build-windows-amd64-cygwin\jdk8u291\1294\hotspot\src\share\vm\interpreter\linkResolver.cpp, line 1185]
Event: 7.435 Thread 0x000001e67851e000 Exception <a 'java/lang/NullPointerException'> (0x000000071cd69ec0) thrown at [C:\jenkins\workspace\8-2-build-windows-amd64-cygwin\jdk8u291\1294\hotspot\src\share\vm\interpreter\linkResolver.cpp, line 1185]
Event: 7.435 Thread 0x000001e67851e000 Exception <a 'java/lang/NullPointerException'> (0x000000071cd6a0d8) thrown at [C:\jenkins\workspace\8-2-build-windows-amd64-cygwin\jdk8u291\1294\hotspot\src\share\vm\interpreter\linkResolver.cpp, line 1185]
Event: 7.435 Thread 0x000001e67851e000 Exception <a 'java/lang/NullPointerException'> (0x000000071cd6a2f0) thrown at [C:\jenkins\workspace\8-2-build-windows-amd64-cygwin\jdk8u291\1294\hotspot\src\share\vm\interpreter\linkResolver.cpp, line 1185]
Event: 8.197 Thread 0x000001e67851e000 Implicit null exception at 0x000001e6002f6d16 to 0x000001e6002f70c1
Event: 8.197 Thread 0x000001e67851e000 Implicit null exception at 0x000001e60022a759 to 0x000001e60022ab25

Events (10 events):
Event: 8.847 loading class java/nio/channels/InterruptibleChannel done
Event: 8.847 loading class java/nio/channels/spi/AbstractInterruptibleChannel done
Event: 8.847 loading class java/nio/channels/FileChannel done
Event: 8.847 loading class sun/nio/ch/FileChannelImpl done
Event: 8.847 loading class java/nio/file/attribute/FileAttribute
Event: 8.847 loading class java/nio/file/attribute/FileAttribute done
Event: 8.847 loading class sun/nio/ch/IOUtil
Event: 8.847 loading class sun/nio/ch/IOUtil done
Event: 8.847 loading class sun/nio/ch/IOUtil$1
Event: 8.847 loading class sun/nio/ch/IOUtil$1 done


Dynamic libraries:
0x00007ff6ed730000 - 0x00007ff6ed777000 	D:\app\Java\jdk1.8\bin\java.exe
0x00007ffa785b0000 - 0x00007ffa787a8000 	C:\Windows\SYSTEM32\ntdll.dll
0x00007ffa784a0000 - 0x00007ffa78562000 	C:\Windows\System32\KERNEL32.DLL
0x00007ffa76200000 - 0x00007ffa764f6000 	C:\Windows\System32\KERNELBASE.dll
0x00007ffa783e0000 - 0x00007ffa78491000 	C:\Windows\System32\ADVAPI32.dll
0x00007ffa76fb0000 - 0x00007ffa7704e000 	C:\Windows\System32\msvcrt.dll
0x00007ffa77280000 - 0x00007ffa7731f000 	C:\Windows\System32\sechost.dll
0x00007ffa77160000 - 0x00007ffa77280000 	C:\Windows\System32\RPCRT4.dll
0x00007ffa75d20000 - 0x00007ffa75d47000 	C:\Windows\System32\bcrypt.dll
0x00007ffa77320000 - 0x00007ffa774c1000 	C:\Windows\System32\USER32.dll
0x00007ffa765a0000 - 0x00007ffa765c2000 	C:\Windows\System32\win32u.dll
0x00007ffa77c30000 - 0x00007ffa77c5b000 	C:\Windows\System32\GDI32.dll
0x00007ffa75d50000 - 0x00007ffa75e69000 	C:\Windows\System32\gdi32full.dll
0x00007ffa76500000 - 0x00007ffa7659d000 	C:\Windows\System32\msvcp_win.dll
0x00007ffa75e70000 - 0x00007ffa75f70000 	C:\Windows\System32\ucrtbase.dll
0x00007ffa5e240000 - 0x00007ffa5e4db000 	C:\Windows\WinSxS\amd64_microsoft.windows.common-controls_6595b64144ccf1df_6.0.19041.6456_none_60b8a6cb71f64256\COMCTL32.dll
0x00007ffa77c00000 - 0x00007ffa77c2f000 	C:\Windows\System32\IMM32.DLL
0x00007ffa3a910000 - 0x00007ffa3a925000 	D:\app\Java\jdk1.8\jre\bin\vcruntime140.dll
0x00007ffa331a0000 - 0x00007ffa3323b000 	D:\app\Java\jdk1.8\jre\bin\msvcp140.dll
0x000000005a380000 - 0x000000005abe0000 	D:\app\Java\jdk1.8\jre\bin\server\jvm.dll
0x00007ffa76960000 - 0x00007ffa76968000 	C:\Windows\System32\PSAPI.DLL
0x00007ffa71a30000 - 0x00007ffa71a57000 	C:\Windows\SYSTEM32\WINMM.dll
0x00007ffa67090000 - 0x00007ffa6709a000 	C:\Windows\SYSTEM32\VERSION.dll
0x00007ffa71760000 - 0x00007ffa71769000 	C:\Windows\SYSTEM32\WSOCK32.dll
0x00007ffa76f40000 - 0x00007ffa76fab000 	C:\Windows\System32\WS2_32.dll
0x00007ffa74450000 - 0x00007ffa74462000 	C:\Windows\SYSTEM32\kernel.appcore.dll
0x00007ffa455b0000 - 0x00007ffa455c0000 	D:\app\Java\jdk1.8\jre\bin\verify.dll
0x00007ffa3a8e0000 - 0x00007ffa3a90b000 	D:\app\Java\jdk1.8\jre\bin\java.dll
0x00007ffa3a660000 - 0x00007ffa3a678000 	D:\app\Java\jdk1.8\jre\bin\zip.dll
0x00007ffa77c60000 - 0x00007ffa783d0000 	C:\Windows\System32\SHELL32.dll
0x00007ffa72e70000 - 0x00007ffa73615000 	C:\Windows\SYSTEM32\windows.storage.dll
0x00007ffa76b00000 - 0x00007ffa76e54000 	C:\Windows\System32\combase.dll
0x00007ffa75600000 - 0x00007ffa7562b000 	C:\Windows\SYSTEM32\Wldp.dll
0x00007ffa76970000 - 0x00007ffa76a3d000 	C:\Windows\System32\OLEAUT32.dll
0x00007ffa77050000 - 0x00007ffa770fd000 	C:\Windows\System32\SHCORE.dll
0x00007ffa76a40000 - 0x00007ffa76a9b000 	C:\Windows\System32\shlwapi.dll
0x00007ffa75b70000 - 0x00007ffa75b94000 	C:\Windows\SYSTEM32\profapi.dll
0x00007ffa6a090000 - 0x00007ffa6a09a000 	D:\app\maven\apache-maven-3.6.3\lib\jansi-native\windows64\jansi.dll
0x00007ff9fb570000 - 0x00007ff9fb5a1000 	c:\windows\msconfig\UserCtrl64.dll
0x00007ffa3a640000 - 0x00007ffa3a65c000 	D:\app\Java\jdk1.8\jre\bin\net.dll
0x00007ffa75360000 - 0x00007ffa753ca000 	C:\Windows\system32\mswsock.dll
0x00007ffa3a1c0000 - 0x00007ffa3a1d3000 	D:\app\Java\jdk1.8\jre\bin\nio.dll
0x00007ffa73f90000 - 0x00007ffa74191000 	C:\Windows\SYSTEM32\dbghelp.dll
0x00007ffa75c40000 - 0x00007ffa75cc2000 	C:\Windows\System32\bcryptPrimitives.dll

VM Arguments:
jvm_args: -Dclassworlds.conf=D:/app/maven/apache-maven-3.6.3/bin/m2.conf -Dmaven.home=D:/app/maven/apache-maven-3.6.3 -Dlibrary.jansi.path=D:/app/maven/apache-maven-3.6.3/lib/jansi-native -Dmaven.multiModuleProjectDirectory=D:/git_workspace/spring-sql-auto-update 
java_command: org.codehaus.plexus.classworlds.launcher.Launcher clean test -pl flyway-digital-core
java_class_path (initial): D:/app/maven/apache-maven-3.6.3/boot/plexus-classworlds-2.6.0.jar
Launcher Type: SUN_STANDARD

Environment Variables:
JAVA_HOME=D:/app/Java/jdk1.8
PATH=C:\Program Files\Git\mingw64\bin;C:\Program Files\Git\usr\bin;C:\Users\admin\bin;C:\Python314\Scripts;C:\Python314;D:\app\Python310-new\Scripts;D:\app\Python310-new;D:\app\VM\bin;C:\Program Files (x86)\Common Files\Oracle\Java\javapath;C:\Windows\system32;C:\Windows;C:\Windows\System32\Wbem;C:\Windows\System32\WindowsPowerShell\v1.0;C:\Windows\System32\OpenSSH;C:\Program Files\Git\cmd;C:\Program Files\TortoiseSVN\bin;C:\Program Files\Microsoft SQL Server\110\Tools\Binn;C:\Program Files (x86)\Microsoft SDKs\TypeScript\1.0;C:\Program Files\Microsoft SQL Server\120\Tools\Binn;D:\app\Python310;D:\app\Python310\Scripts;D:\app\anaconda3;D:\app\anaconda3\Scripts;D:\app\anaconda3\Library\bin;D:\app\node.js;C:\ProgramData\chocolatey\bin;C:\Program Files\CMake\bin;D:\app\Java\jdk1.8\bin;C:\Users\admin\AppData\Local\Microsoft\WindowsApps;D:\app\jetBrains\IntelliJ IDEA 2025.3\bin;D:\app\maven\apache-maven-3.6.3\bin;D:\app\Java\jdk1.8\lib\tools.jar;D:\app\PyCharm 2025.3\bin;D:\app\Python310;D:\app\Python310\Scripts;D:\app\Microsoft VS Code\bin;D:\app\mysql-5.7.44-winx64\bin;C:\Users\admin\AppData\Roaming\npm;D:\app\Qoder\bin
USERNAME=admin
OS=Windows_NT
PROCESSOR_IDENTIFIER=Intel64 Family 6 Model 197 Stepping 2, GenuineIntel



---------------  S Y S T E M  ---------------

OS: Windows 10.0 , 64 bit Build 19041 (10.0.19041.5915)

CPU:total 14 (initial active 14) (14 cores per cpu, 1 threads per core) family 6 model 197 stepping 2, cmov, cx8, fxsr, mmx, sse, sse2, sse3, ssse3, sse4.1, sse4.2, popcnt, avx, avx2, aes, clmul, erms, 3dnowpref, lzcnt, tsc, tscinvbit, bmi1, bmi2, adx

Memory: 4k page, physical 33027448k(9903336k free), swap 78809840k(4049772k free)

vm_info: Java HotSpot(TM) 64-Bit Server VM (25.291-b10) for windows-amd64 JRE (1.8.0_291-b10), built on Apr  9 2021 00:02:00 by "java_re" with MS VC++ 15.9 (VS2017)

time: Fri Feb 27 15:23:18 2026
timezone: 中国标准时间
elapsed time: 9.449006 seconds (0d 0h 0m 9s)

